[2026-08-07T11:22:34+08:00] User 51
commit ne branch add_question to github [mi2023malaysia-code/aimap](https://github.com/mi2023malaysia-code/aimap)

modify <Assessment Weekly Time> section:

total hours work on AI: textbox numeric entry
total hours learn on AI: textbox numeric entry

total cost on A (total) I: textbox numeric entry
total cost on AI (work - monthly): textbox numeric entry
total cost on AI (learn- monthly): textbox numeric entry

append all previous conversion into 115z.log

[2026-08-07T11:22:34+08:00] Assistant 48
Updated the Weekly Time section with five numeric inputs, wired the new values into pacing and result summaries, verified the flow in the browser, and prepared the branch for commit and push.

[2026-08-07T12:28:59+08:00] User 52
live now
live now at vercel

modify <Assessment
Weekly Time> section:

total hours on AI (monthly):   textbox numeric entry
total cost on A (total- monthly) I: textbox numeric entry

total hours work on AI (monthly): textbox numeric entry
total hours learn on AI (monthly): textbox numeric entry
total cost work on AI (monthly): textbox numeric entry
total cost learn on AI (monthly): textbox numeric entry

append all previous conversion into 115z.log

deploy at vercel

[2026-08-07T12:28:59+08:00] Assistant 49
Updated the Weekly Time section to monthly numeric inputs for total hours, work hours, learn hours, and total/work/learn costs, then wired the values into the assessment flow and prepared the branch for commit, push, and Vercel deployment.

[2026-08-07T13:24:10+08:00] User 53
modify page 2/9 to 7/9:
remove Roadmap

Live preview section;
remove Assessment

Weekly Time section;
remove Workflow Integration
Score is taking shape full section;

modify page 5/9<Assessment
Weekly Time> section:
total hours on AI (monthly):   textbox numeric entry;
total cost on A (total- monthly) I: textbox numeric entry;
total hours work on AI (monthly): textbox numeric entry;
total hours learn on AI (monthly): textbox numeric entry;
total cost work on AI (monthly): textbox numeric entry;
total cost learn on AI (monthly): textbox numeric entry;
append all previous conversion into 115z.log;

[2026-08-07T13:24:10+08:00] Assistant 50
Removed the wizard-side Roadmap/Live preview panel from pages 2/9 through 7/9, dropped the Workflow Integration assessment factor and the old score copy, reweighted the remaining assessment factors, and kept the page 5/9 monthly time and cost inputs as numeric fields.

[2026-08-07T15:10:24+08:00] User 54
append conversion

[2026-08-07T15:10:24+08:00] Assistant 51
Appended the latest conversation request to 115z.log while preserving the existing transcript format.
[2026-08-07T18:58:57+08:00] User 55
modify Which tools you used' page:
set defaukt to 'not yet try'

=========

modify 'Rate each factor on the same 1-5 scale: Not yet, Early, Functional, Strong, and Highly mature."

set defaukt to Not Yet

change choice become dropdown

appeend conversion;

deploy vercel;

[2026-08-07T18:58:57+08:00] Assistant 52
Updated the tool-usage page to default to "not yet try" and converted the assessment factors to dropdowns with "Not Yet" selected by default, then prepared the branch for commit, push, and Vercel deployment.
[2026-08-07T19:17:25+08:00] User 56
debug 'Rate the five factors that shape your AI fluency score' page:

does not pass the validation of choice
[2026-08-07T19:17:25+08:00] Assistant 53
Fixed the assessment page sync so the dropdown selections are read with getFieldValue instead of radio input lookup, which restores validation for the five factor choices.
[2026-08-08T12:55:25+08:00] User 57
deploy at vercel;
append conversion;

[2026-08-08T12:55:25+08:00] Assistant 54
Appended the latest conversation request to 115z.log and prepared the current working tree for a Vercel production deploy.
[2026-08-08T20:06:55+08:00] User 58
deploy; append conversion;

[2026-08-08T20:06:55+08:00] Assistant 55
Appended the latest conversation request to 115z.log and prepared the current working tree for a Vercel production deploy.
[2026-08-08T00:15:52+08:00] User 59
deploy; append conversion;
[2026-08-08T00:22:00+08:00] Assistant 56
Appended the latest conversation request to 115z.log and deployed the current workspace to Vercel production at https://115-delta.vercel.app.
[2026-08-09T14:02:36+08:00] User 60
commit new brach reorder_page to GitHub; append all previous conversion with timestamp;
[2026-08-09T14:04:56+08:00] Assistant 57
Reordered the wizard pages, created and pushed the `reorder_page` branch to GitHub, and recorded the latest conversation in `115z.log`.
[2026-08-09T14:08:42+08:00] User 61
resume
[2026-08-09T14:11:50+08:00] Assistant 58
Resumed the pending work, committed the transcript update, and pushed the `reorder_page` branch to GitHub.
[2026-08-09T16:13:06+08:00] User 62
commit new brach reorder_page1 to GitHub; append all prvious conversion with timestamp;
[2026-08-09T16:18:25+08:00] Assistant 59
Created and pushed the `reorder_page1` branch to GitHub and recorded the latest conversation in `115z.log`.
