Conversation transcript
======================

User 1:
describe what you understand and suggest tasks need to carry-out, may ask question if need info.

firstly, study below:

Fluency Instrument - a "signal check" framing rather than a generic quiz. Key choices:
- A live dial (calibration-gauge metaphor) fills as you answer instead of a boring progress bar, then locks onto your final tier
- Warm paper background, Space Grotesk + Source Serif 4 + IBM Plex Mono for a technical-but-human feel
- Real scoring logic: tool breadth + self-rated comfort + prior training -> tier; goal -> track name; time commitment -> pacing note
- Final screen shows tier, track, duration, and a real week-by-week module list pulled from the PRD's level logic

PRD: AI Learning Level Assessment & Path Recommender

Overview:
- Short intake flow that assesses a user's current AI proficiency and usage context, then generates a personalized learning path recommendation.

Goals:
- Quickly classify user skill level (beginner / intermediate / advanced)
- Understand tooling context and time capacity
- Generate a tailored, actionable learning path

User flow:
- Assessment questions about paid tools, current tools, weekly time, main goal, comfort level, background/role, and prior training
- Scoring and level assignment based on tool breadth, self-rated comfort, and prior training
- Output showing path name, estimated duration, weekly module breakdown, tool recommendations, and optional links to relevant training material

Non-functional requirements:
- Completion time under 3 minutes
- Instant recommendation generation
- Mobile-responsive form

Open questions:
- Standalone tool or part of an existing project
- Whether results should be saved or retaken over time
- Whether the flow should be gated or fully open

Assistant 1:
I read this as a product/interaction brief for a fast AI fluency assessment that should feel more like a calibrated signal check than a quiz.

I suggested work items:
- Define product scope decisions
- Finalize the assessment question set and copy
- Build the scoring rubric and level thresholds
- Create the learning-path content model
- Design the interaction and UI
- Implement the assessment and recommendation engine
- Test scoring, accessibility, and mobile behavior

I also asked for confirmation on:
- Standalone vs embedded
- Saving results to a profile
- Gating by email/login
- Whether the week-by-week module content already exists

User 2:
append all previous conversion iinto inout.log

Assistant 2:
I added a transcript of the conversation so far to `inout.log`, including the logging request itself, and offered to rewrite it as a raw log or keep appending future turns in the same format.

User 3:
suggest list of tasks need to carryout/ [PRD excerpt about the AI Learning Level Assessment & Path Recommender]

Assistant 3:
I suggested a task list covering product scope, assessment questions, scoring rubric, track mapping, pacing logic, module library, tool recommendations, result design, live gauge interaction, visual system, implementation, persistence, analytics, testing, and content review.

User 4:
ok

Assistant 4:
I converted the task list into a sprint-ready checklist with priorities, owners, dependencies, effort estimates, a suggested sprint split, critical dependencies, and an MVP definition.

User 5:
ok build webapp based on Sprint 1

User 6:
ok build webapp now

Assistant 5:
I built the Sprint 1 webapp as a dependency-free static SPA with the full assessment flow, live dial, scoring, track recommendation, pacing note, and week-by-week module output. I also verified it in the browser after switching to localhost because direct file navigation was blocked.

User 7:
`list status of build`

Assistant 6:
I reported the build as complete, noting the implemented files, the browser smoke test, and the optional next steps.

User 8:
make it live locally

Assistant 7:
I started a local server on `http://127.0.0.1:4173/` and verified the app loaded there.

User 9:
Review the code in project folder

Assistant 8:
I reviewed the project structure and main browser app files. The main findings were that the result flow had no retake/reset control despite the README claiming one, the app did not capture background/role input even though the brief implied personalization from it, and the tier/track separator was rendered with a mangled encoding artifact in the result and preview. I offered to patch those issues.

User 10:
ok do the patch

Assistant 9:
I patched the app to add a real retake flow, capture role/background, and fix the separator text. I also verified the JavaScript syntax after the change.

User 11:
append all previous conversion iinto inout.log

Assistant 10:
Appended the latest conversation segment to `inout.log`.

User 12:
list of tasks plan to do and the status

Assistant 11:
I summarized the work as completed for the webapp build, retake/reset flow, role/background capture, separator fix, and local launch; with browser QA, email send integration, persistence, training links, accessibility, and content polish still pending or in progress.

User 13:
append all previous conversion iinto inout.log

Assistant 12:
Appended the latest conversation segment to `inout.log`.

User 14:
propose suitable rating (1-100) on AI fluency

User 15:
1 -7 for user self rating, 1-100 is for AI fluency score.
turn this into a simple scoring formula

User 16:
resume

Assistant 13:
Refactored the app to use a 1-7 self-rating and a 1-100 AI fluency score, simplified the scoring formula, updated the visible labels, and verified the local page loads with no console errors.

[2026-07-24T12:01:44+08:00] User 17-19: selected option 2 for the assessment question, asked to rework it, asked for the current question list, and moved the work toward the webapp.
[2026-07-24T12:01:44+08:00] Assistant 14-16: reworked the assessment question wording, kept the scoring model aligned, and listed the current assessment questions.
[2026-07-24T12:01:44+08:00] User 20-24: asked to run the webapp locally, refine page 1 UI, confirm the local URL, and append the conversation log before committing.
[2026-07-24T12:01:44+08:00] Assistant 17-21: started the local app, updated the selected-button styling and intro CTA, shared the local URL, and appended the latest conversation segment to `inout.log`.
[2026-07-24T12:01:44+08:00] User 25-32: continued with the GitHub repo link and multiple page-1 and selected-button UI tweaks, including button placement and visibility changes.
[2026-07-24T12:01:44+08:00] Assistant 22-29: used the repo link, restyled the selected buttons, moved the start CTA, hid the rest of page 1, and turned the start text into a clickable button.
[2026-07-24T12:01:44+08:00] User 33-36: moved the start CTA below Fluency Instrument, made `9-page wizard` trigger the start flow, removed the extra hero pills, relabeled the CTA, added hover color, and expanded the intro copy width.
[2026-07-24T12:01:44+08:00] Assistant 30-32: repositioned and wired the CTA, converted the badge into a trigger, removed the extra pills, updated the label and hover behavior, and verified the intro-to-wizard flow in Chrome.
[2026-07-24T12:15:00+08:00] User 37-38: asked to remove `& Roadmap`, center the page-1 hero text, update the start CTA and intro description wording, then requested a GitHub commit on a new `question` branch and a fresh log append.
[2026-07-24T12:15:00+08:00] Assistant 33-34: removed `& Roadmap`, centered the hero text, changed the CTA copy to the new self-assessment wording, updated the intro description, verified the page in Chrome, and prepared the repo for branch/commit work.
