Timestamped conversation log
============================

Note: timestamps are generated at write time in Asia/Singapore because the source chat did not expose stored per-message times.

[2026-07-23T06:29:41+08:00] User 1
describe what you understand and suggest tasks need to carry-out, may ask question if need info.

firstly, study below:

Fluency Instrument - a "signal check" framing rather than a generic quiz. Key choices:
- A live dial (calibration-gauge metaphor) fills as you answer instead of a boring progress bar, then locks onto your final tier
- Warm paper background, Space Grotesk + Source Serif 4 + IBM Plex Mono for a technical-but-human feel
- Real scoring logic: tool breadth + self-rated comfort + prior training -> tier; goal -> track name; time commitment -> pacing note
- Final screen shows tier, track, duration, and a real week-by-week module list pulled from the PRD's level logic

PRD: AI Learning Level Assessment & Path Recommender

Overview:
- Short intake flow that assesses a user's current AI proficiency and usage context, then generates a personalized learning path recommendation.

Goals:
- Quickly classify user skill level (beginner / intermediate / advanced)
- Understand tooling context and time capacity
- Generate a tailored, actionable learning path

User flow:
- Assessment questions about paid tools, current tools, weekly time, main goal, comfort level, background/role, and prior training
- Scoring and level assignment based on tool breadth, self-rated comfort, and prior training
- Output showing path name, estimated duration, weekly module breakdown, tool recommendations, and optional links to relevant training material

Non-functional requirements:
- Completion time under 3 minutes
- Instant recommendation generation
- Mobile-responsive form

Open questions:
- Standalone tool or part of an existing project
- Whether results should be saved or retaken over time
- Whether the flow should be gated or fully open

[2026-07-23T06:29:42+08:00] Assistant 1
I read this as a product/interaction brief for a fast AI fluency assessment that should feel more like a calibrated signal check than a quiz.

I suggested work items:
- Define product scope decisions
- Finalize the assessment question set and copy
- Build the scoring rubric and level thresholds
- Create the learning-path content model
- Design the interaction and UI
- Implement the assessment and recommendation engine
- Test scoring, accessibility, and mobile behavior

I also asked for confirmation on:
- Standalone vs embedded
- Saving results to a profile
- Gating by email/login
- Whether the week-by-week module content already exists

[2026-07-23T06:29:43+08:00] User 2
append all previous conversion iinto inout.log

[2026-07-23T06:29:44+08:00] Assistant 2
I added a transcript of the conversation so far to `inout.log`, including the logging request itself, and offered to rewrite it as a raw log or keep appending future turns in the same format.

[2026-07-23T06:29:45+08:00] User 3
suggest list of tasks need to carryout/ [PRD excerpt about the AI Learning Level Assessment & Path Recommender]

[2026-07-23T06:29:46+08:00] Assistant 3
I suggested a task list covering product scope, assessment questions, scoring rubric, track mapping, pacing logic, module library, tool recommendations, result design, live gauge interaction, visual system, implementation, persistence, analytics, testing, and content review.

[2026-07-23T06:29:47+08:00] User 4
ok

[2026-07-23T06:29:48+08:00] Assistant 4
I converted the task list into a sprint-ready checklist with priorities, owners, dependencies, effort estimates, a suggested sprint split, critical dependencies, and an MVP definition.

[2026-07-23T06:29:49+08:00] User 5
ok build webapp based on Sprint 1

[2026-07-23T06:29:50+08:00] User 6
ok build webapp now

[2026-07-23T06:29:51+08:00] Assistant 5
I built the Sprint 1 webapp as a dependency-free static SPA with the full assessment flow, live dial, scoring, track recommendation, pacing note, and week-by-week module output. I also verified it in the browser after switching to localhost because direct file navigation was blocked.

[2026-07-23T06:29:52+08:00] User 7
`list status of build`

[2026-07-23T06:29:53+08:00] Assistant 6
I reported the build as complete, noting the implemented files, the browser smoke test, and the optional next steps.

[2026-07-23T06:29:54+08:00] User 8
make it live locally

[2026-07-23T06:29:55+08:00] Assistant 7
I started a local server on `http://127.0.0.1:4173/` and verified the app loaded there.

[2026-07-23T06:29:56+08:00] User 9
append all previous conversation into inout.log

[2026-07-23T06:29:57+08:00] Assistant 8
Appended the build/status/localhost segment to `inout.log` and verified the tail is clean.

[2026-07-23T06:36:22+08:00] User 10
append all previous conversation with timestamp into project folder inout1.log

[2026-07-23T06:36:23+08:00] Assistant 9
I created the timestamped log in `inout1.log` and noted that the file uses generated timestamps at write time.

[2026-07-23T06:36:24+08:00] User 11
ok permitted

[2026-07-23T06:36:25+08:00] Assistant 10
I appended the timestamped request and confirmation to `inout1.log`.

[2026-07-23T08:56:51+08:00] User 12
append all previous conversion with timestamp into project folder inout1.log

[2026-07-23T08:56:52+08:00] Assistant 11
Appended the current request to `inout1.log` and kept the existing timestamped conversation log intact.
[2026-07-25T10:55:15+08:00] User 13
last task carry out

[2026-07-25T10:55:15+08:00] Assistant 12
Confirmed the repo is already on `question` with the page-1 copy change committed in `c4e2dbc`; I appended this turn to `inout1.log` and left the code state untouched because there was no remaining unfinished code task.
